Archive member included because of file (symbol)

c:/sdk/imt_sdk_win_64/winavr/bin/../lib/gcc/avr/4.3.3/avr5\libgcc.a(_mulsi3.o)
                              ./HAL/Thermistor/Thermistor_prog.o (__mulsi3)
c:/sdk/imt_sdk_win_64/winavr/bin/../lib/gcc/avr/4.3.3/avr5\libgcc.a(_divmodsi4.o)
                              ./HAL/LCD/LCD_Prog.o (__divmodsi4)
c:/sdk/imt_sdk_win_64/winavr/bin/../lib/gcc/avr/4.3.3/avr5\libgcc.a(_exit.o)
                              c:/sdk/imt_sdk_win_64/winavr/bin/../lib/gcc/avr/4.3.3/../../../../avr/lib/avr5/crtm32.o (exit)
c:/sdk/imt_sdk_win_64/winavr/bin/../lib/gcc/avr/4.3.3/avr5\libgcc.a(_copy_data.o)
                              ./MCAL/EXTI/EXTI_Config.o (__do_copy_data)
c:/sdk/imt_sdk_win_64/winavr/bin/../lib/gcc/avr/4.3.3/avr5\libgcc.a(_clear_bss.o)
                              ./MCAL/TIMER0/TIMER_Prog.o (__do_clear_bss)
c:/sdk/imt_sdk_win_64/winavr/bin/../lib/gcc/avr/4.3.3/avr5\libgcc.a(_fixunssfsi.o)
                              ./MCAL/TIMER0/TIMER_Prog.o (__fixunssfsi)
c:/sdk/imt_sdk_win_64/winavr/bin/../lib/gcc/avr/4.3.3/avr5\libgcc.a(_addsub_sf.o)
                              ./MCAL/TIMER0/TIMER_Prog.o (__subsf3)
c:/sdk/imt_sdk_win_64/winavr/bin/../lib/gcc/avr/4.3.3/avr5\libgcc.a(_mul_sf.o)
                              ./MCAL/TIMER0/TIMER_Prog.o (__mulsf3)
c:/sdk/imt_sdk_win_64/winavr/bin/../lib/gcc/avr/4.3.3/avr5\libgcc.a(_div_sf.o)
                              ./MCAL/TIMER0/TIMER_Prog.o (__divsf3)
c:/sdk/imt_sdk_win_64/winavr/bin/../lib/gcc/avr/4.3.3/avr5\libgcc.a(_ne_sf.o)
                              ./MCAL/TIMER0/TIMER_Prog.o (__nesf2)
c:/sdk/imt_sdk_win_64/winavr/bin/../lib/gcc/avr/4.3.3/avr5\libgcc.a(_gt_sf.o)
                              ./HAL/LCD/LCD_Prog.o (__gtsf2)
c:/sdk/imt_sdk_win_64/winavr/bin/../lib/gcc/avr/4.3.3/avr5\libgcc.a(_ge_sf.o)
                              c:/sdk/imt_sdk_win_64/winavr/bin/../lib/gcc/avr/4.3.3/avr5\libgcc.a(_fixunssfsi.o) (__gesf2)
c:/sdk/imt_sdk_win_64/winavr/bin/../lib/gcc/avr/4.3.3/avr5\libgcc.a(_lt_sf.o)
                              ./HAL/LCD/LCD_Prog.o (__ltsf2)
c:/sdk/imt_sdk_win_64/winavr/bin/../lib/gcc/avr/4.3.3/avr5\libgcc.a(_sf_to_si.o)
                              c:/sdk/imt_sdk_win_64/winavr/bin/../lib/gcc/avr/4.3.3/avr5\libgcc.a(_fixunssfsi.o) (__fixsfsi)
c:/sdk/imt_sdk_win_64/winavr/bin/../lib/gcc/avr/4.3.3/avr5\libgcc.a(_thenan_sf.o)
                              c:/sdk/imt_sdk_win_64/winavr/bin/../lib/gcc/avr/4.3.3/avr5\libgcc.a(_addsub_sf.o) (__thenan_sf)
c:/sdk/imt_sdk_win_64/winavr/bin/../lib/gcc/avr/4.3.3/avr5\libgcc.a(_usi_to_sf.o)
                              ./MCAL/TIMER0/TIMER_Prog.o (__floatunsisf)
c:/sdk/imt_sdk_win_64/winavr/bin/../lib/gcc/avr/4.3.3/avr5\libgcc.a(_udivmodsi4.o)
                              c:/sdk/imt_sdk_win_64/winavr/bin/../lib/gcc/avr/4.3.3/avr5\libgcc.a(_divmodsi4.o) (__udivmodsi4)
c:/sdk/imt_sdk_win_64/winavr/bin/../lib/gcc/avr/4.3.3/avr5\libgcc.a(_prologue.o)
                              c:/sdk/imt_sdk_win_64/winavr/bin/../lib/gcc/avr/4.3.3/avr5\libgcc.a(_addsub_sf.o) (__prologue_saves__)
c:/sdk/imt_sdk_win_64/winavr/bin/../lib/gcc/avr/4.3.3/avr5\libgcc.a(_epilogue.o)
                              c:/sdk/imt_sdk_win_64/winavr/bin/../lib/gcc/avr/4.3.3/avr5\libgcc.a(_addsub_sf.o) (__epilogue_restores__)
c:/sdk/imt_sdk_win_64/winavr/bin/../lib/gcc/avr/4.3.3/avr5\libgcc.a(_clzsi2.o)
                              c:/sdk/imt_sdk_win_64/winavr/bin/../lib/gcc/avr/4.3.3/avr5\libgcc.a(_usi_to_sf.o) (__clzsi2)
c:/sdk/imt_sdk_win_64/winavr/bin/../lib/gcc/avr/4.3.3/avr5\libgcc.a(_pack_sf.o)
                              c:/sdk/imt_sdk_win_64/winavr/bin/../lib/gcc/avr/4.3.3/avr5\libgcc.a(_addsub_sf.o) (__pack_f)
c:/sdk/imt_sdk_win_64/winavr/bin/../lib/gcc/avr/4.3.3/avr5\libgcc.a(_unpack_sf.o)
                              c:/sdk/imt_sdk_win_64/winavr/bin/../lib/gcc/avr/4.3.3/avr5\libgcc.a(_addsub_sf.o) (__unpack_f)
c:/sdk/imt_sdk_win_64/winavr/bin/../lib/gcc/avr/4.3.3/avr5\libgcc.a(_fpcmp_parts_sf.o)
                              c:/sdk/imt_sdk_win_64/winavr/bin/../lib/gcc/avr/4.3.3/avr5\libgcc.a(_ne_sf.o) (__fpcmp_parts_f)
c:/sdk/imt_sdk_win_64/winavr/bin/../lib/gcc/avr/4.3.3/avr5\libgcc.a(_clz.o)
                              c:/sdk/imt_sdk_win_64/winavr/bin/../lib/gcc/avr/4.3.3/avr5\libgcc.a(_clzsi2.o) (__clz_tab)

Memory Configuration

Name             Origin             Length             Attributes
text             0x00000000         0x00020000         xr
data             0x00800060         0x0000ffa0         rw !x
eeprom           0x00810000         0x00010000         rw !x
fuse             0x00820000         0x00000400         rw !x
lock             0x00830000         0x00000400         rw !x
signature        0x00840000         0x00000400         rw !x
*default*        0x00000000         0xffffffff

Linker script and memory map

LOAD c:/sdk/imt_sdk_win_64/winavr/bin/../lib/gcc/avr/4.3.3/../../../../avr/lib/avr5/crtm32.o
LOAD ./MCAL/USART/USART_prog.o
LOAD ./MCAL/TIMER0/TIMER_Prog.o
LOAD ./MCAL/GIE/GIE_Prog.o
LOAD ./MCAL/EXTI/EXTI_Config.o
LOAD ./MCAL/EXTI/EXTI_Prog.o
LOAD ./MCAL/DIO/DIO_prog.o
LOAD ./MCAL/ADC/ADC_Prog.o
LOAD ./HAL/Thermistor/Thermistor_config.o
LOAD ./HAL/Thermistor/Thermistor_prog.o
LOAD ./HAL/LED/LED_config.o
LOAD ./HAL/LED/LED_prog.o
LOAD ./HAL/LCD/LCD_Prog.o
LOAD ./HAL/KEYPAD/Keypad_prog.o
LOAD ./HAL/DC_MOTOR/DC_MOTOR_prog.o
LOAD ./APP/main.o
LOAD c:/sdk/imt_sdk_win_64/winavr/bin/../lib/gcc/avr/4.3.3/avr5\libgcc.a
LOAD c:/sdk/imt_sdk_win_64/winavr/bin/../lib/gcc/avr/4.3.3/../../../../avr/lib/avr5\libc.a
LOAD c:/sdk/imt_sdk_win_64/winavr/bin/../lib/gcc/avr/4.3.3/avr5\libgcc.a

.hash
 *(.hash)

.dynsym
 *(.dynsym)

.dynstr
 *(.dynstr)

.gnu.version
 *(.gnu.version)

.gnu.version_d
 *(.gnu.version_d)

.gnu.version_r
 *(.gnu.version_r)

.rel.init
 *(.rel.init)

.rela.init
 *(.rela.init)

.rel.text
 *(.rel.text)
 *(.rel.text.*)
 *(.rel.gnu.linkonce.t*)

.rela.text
 *(.rela.text)
 *(.rela.text.*)
 *(.rela.gnu.linkonce.t*)

.rel.fini
 *(.rel.fini)

.rela.fini
 *(.rela.fini)

.rel.rodata
 *(.rel.rodata)
 *(.rel.rodata.*)
 *(.rel.gnu.linkonce.r*)

.rela.rodata
 *(.rela.rodata)
 *(.rela.rodata.*)
 *(.rela.gnu.linkonce.r*)

.rel.data
 *(.rel.data)
 *(.rel.data.*)
 *(.rel.gnu.linkonce.d*)

.rela.data
 *(.rela.data)
 *(.rela.data.*)
 *(.rela.gnu.linkonce.d*)

.rel.ctors
 *(.rel.ctors)

.rela.ctors
 *(.rela.ctors)

.rel.dtors
 *(.rel.dtors)

.rela.dtors
 *(.rela.dtors)

.rel.got
 *(.rel.got)

.rela.got
 *(.rela.got)

.rel.bss
 *(.rel.bss)

.rela.bss
 *(.rela.bss)

.rel.plt
 *(.rel.plt)

.rela.plt
 *(.rela.plt)

.text           0x00000000     0x401a
 *(.vectors)
 .vectors       0x00000000       0x54 c:/sdk/imt_sdk_win_64/winavr/bin/../lib/gcc/avr/4.3.3/../../../../avr/lib/avr5/crtm32.o
                0x00000000                __vectors
                0x00000000                __vector_default
 *(.vectors)
 *(.progmem.gcc*)
 *(.progmem*)
                0x00000054                . = ALIGN (0x2)
                0x00000054                __trampolines_start = .
 *(.trampolines)
 .trampolines   0x00000054        0x0 linker stubs
 *(.trampolines*)
                0x00000054                __trampolines_end = .
 *(.jumptables)
 *(.jumptables*)
 *(.lowtext)
 *(.lowtext*)
                0x00000054                __ctors_start = .
 *(.ctors)
                0x00000054                __ctors_end = .
                0x00000054                __dtors_start = .
 *(.dtors)
                0x00000054                __dtors_end = .
 SORT(*)(.ctors)
 SORT(*)(.dtors)
 *(.init0)
 .init0         0x00000054        0x0 c:/sdk/imt_sdk_win_64/winavr/bin/../lib/gcc/avr/4.3.3/../../../../avr/lib/avr5/crtm32.o
                0x00000054                __init
 *(.init0)
 *(.init1)
 *(.init1)
 *(.init2)
 .init2         0x00000054        0xc c:/sdk/imt_sdk_win_64/winavr/bin/../lib/gcc/avr/4.3.3/../../../../avr/lib/avr5/crtm32.o
 *(.init2)
 *(.init3)
 *(.init3)
 *(.init4)
 .init4         0x00000060       0x16 c:/sdk/imt_sdk_win_64/winavr/bin/../lib/gcc/avr/4.3.3/avr5\libgcc.a(_copy_data.o)
                0x00000060                __do_copy_data
 .init4         0x00000076       0x10 c:/sdk/imt_sdk_win_64/winavr/bin/../lib/gcc/avr/4.3.3/avr5\libgcc.a(_clear_bss.o)
                0x00000076                __do_clear_bss
 *(.init4)
 *(.init5)
 *(.init5)
 *(.init6)
 *(.init6)
 *(.init7)
 *(.init7)
 *(.init8)
 *(.init8)
 *(.init9)
 .init9         0x00000086        0x8 c:/sdk/imt_sdk_win_64/winavr/bin/../lib/gcc/avr/4.3.3/../../../../avr/lib/avr5/crtm32.o
 *(.init9)
 *(.text)
 .text          0x0000008e        0x4 c:/sdk/imt_sdk_win_64/winavr/bin/../lib/gcc/avr/4.3.3/../../../../avr/lib/avr5/crtm32.o
                0x0000008e                __vector_12
                0x0000008e                __bad_interrupt
                0x0000008e                __vector_6
                0x0000008e                __vector_13
                0x0000008e                __vector_17
                0x0000008e                __vector_19
                0x0000008e                __vector_7
                0x0000008e                __vector_5
                0x0000008e                __vector_4
                0x0000008e                __vector_9
                0x0000008e                __vector_15
                0x0000008e                __vector_8
                0x0000008e                __vector_14
                0x0000008e                __vector_18
                0x0000008e                __vector_20
 .text          0x00000092        0x0 ./MCAL/USART/USART_prog.o
 .text          0x00000092        0x0 ./MCAL/TIMER0/TIMER_Prog.o
 .text          0x00000092        0x0 ./MCAL/GIE/GIE_Prog.o
 .text          0x00000092        0x0 ./MCAL/EXTI/EXTI_Config.o
 .text          0x00000092        0x0 ./MCAL/EXTI/EXTI_Prog.o
 .text          0x00000092        0x0 ./MCAL/DIO/DIO_prog.o
 .text          0x00000092        0x0 ./MCAL/ADC/ADC_Prog.o
 .text          0x00000092        0x0 ./HAL/Thermistor/Thermistor_config.o
 .text          0x00000092        0x0 ./HAL/Thermistor/Thermistor_prog.o
 .text          0x00000092        0x0 ./HAL/LED/LED_config.o
 .text          0x00000092        0x0 ./HAL/LED/LED_prog.o
 .text          0x00000092        0x0 ./HAL/LCD/LCD_Prog.o
 .text          0x00000092        0x0 ./HAL/KEYPAD/Keypad_prog.o
 .text          0x00000092        0x0 ./HAL/DC_MOTOR/DC_MOTOR_prog.o
 .text          0x00000092        0x0 ./APP/main.o
 .text          0x00000092        0x0 c:/sdk/imt_sdk_win_64/winavr/bin/../lib/gcc/avr/4.3.3/avr5\libgcc.a(_mulsi3.o)
 .text          0x00000092        0x0 c:/sdk/imt_sdk_win_64/winavr/bin/../lib/gcc/avr/4.3.3/avr5\libgcc.a(_divmodsi4.o)
 .text          0x00000092        0x0 c:/sdk/imt_sdk_win_64/winavr/bin/../lib/gcc/avr/4.3.3/avr5\libgcc.a(_exit.o)
 .text          0x00000092        0x0 c:/sdk/imt_sdk_win_64/winavr/bin/../lib/gcc/avr/4.3.3/avr5\libgcc.a(_copy_data.o)
 .text          0x00000092        0x0 c:/sdk/imt_sdk_win_64/winavr/bin/../lib/gcc/avr/4.3.3/avr5\libgcc.a(_clear_bss.o)
 .text          0x00000092       0x58 c:/sdk/imt_sdk_win_64/winavr/bin/../lib/gcc/avr/4.3.3/avr5\libgcc.a(_fixunssfsi.o)
                0x00000092                __fixunssfsi
 .text          0x000000ea      0x354 c:/sdk/imt_sdk_win_64/winavr/bin/../lib/gcc/avr/4.3.3/avr5\libgcc.a(_addsub_sf.o)
                0x00000382                __subsf3
                0x000003e4                __addsf3
 .text          0x0000043e      0x1f4 c:/sdk/imt_sdk_win_64/winavr/bin/../lib/gcc/avr/4.3.3/avr5\libgcc.a(_mul_sf.o)
                0x0000043e                __mulsf3
 .text          0x00000632      0x158 c:/sdk/imt_sdk_win_64/winavr/bin/../lib/gcc/avr/4.3.3/avr5\libgcc.a(_div_sf.o)
                0x00000632                __divsf3
 .text          0x0000078a       0x60 c:/sdk/imt_sdk_win_64/winavr/bin/../lib/gcc/avr/4.3.3/avr5\libgcc.a(_ne_sf.o)
                0x0000078a                __nesf2
 .text          0x000007ea       0x60 c:/sdk/imt_sdk_win_64/winavr/bin/../lib/gcc/avr/4.3.3/avr5\libgcc.a(_gt_sf.o)
                0x000007ea                __gtsf2
 .text          0x0000084a       0x60 c:/sdk/imt_sdk_win_64/winavr/bin/../lib/gcc/avr/4.3.3/avr5\libgcc.a(_ge_sf.o)
                0x0000084a                __gesf2
 .text          0x000008aa       0x60 c:/sdk/imt_sdk_win_64/winavr/bin/../lib/gcc/avr/4.3.3/avr5\libgcc.a(_lt_sf.o)
                0x000008aa                __ltsf2
 .text          0x0000090a       0xa8 c:/sdk/imt_sdk_win_64/winavr/bin/../lib/gcc/avr/4.3.3/avr5\libgcc.a(_sf_to_si.o)
                0x0000090a                __fixsfsi
 .text          0x000009b2        0x0 c:/sdk/imt_sdk_win_64/winavr/bin/../lib/gcc/avr/4.3.3/avr5\libgcc.a(_thenan_sf.o)
 .text          0x000009b2       0xf2 c:/sdk/imt_sdk_win_64/winavr/bin/../lib/gcc/avr/4.3.3/avr5\libgcc.a(_usi_to_sf.o)
                0x000009b2                __floatunsisf
 .text          0x00000aa4        0x0 c:/sdk/imt_sdk_win_64/winavr/bin/../lib/gcc/avr/4.3.3/avr5\libgcc.a(_udivmodsi4.o)
 .text          0x00000aa4        0x0 c:/sdk/imt_sdk_win_64/winavr/bin/../lib/gcc/avr/4.3.3/avr5\libgcc.a(_prologue.o)
 .text          0x00000aa4        0x0 c:/sdk/imt_sdk_win_64/winavr/bin/../lib/gcc/avr/4.3.3/avr5\libgcc.a(_epilogue.o)
 .text          0x00000aa4       0x9e c:/sdk/imt_sdk_win_64/winavr/bin/../lib/gcc/avr/4.3.3/avr5\libgcc.a(_clzsi2.o)
                0x00000aa4                __clzsi2
 .text          0x00000b42      0x1aa c:/sdk/imt_sdk_win_64/winavr/bin/../lib/gcc/avr/4.3.3/avr5\libgcc.a(_pack_sf.o)
                0x00000b42                __pack_f
 .text          0x00000cec       0xf0 c:/sdk/imt_sdk_win_64/winavr/bin/../lib/gcc/avr/4.3.3/avr5\libgcc.a(_unpack_sf.o)
                0x00000cec                __unpack_f
 .text          0x00000ddc       0xb2 c:/sdk/imt_sdk_win_64/winavr/bin/../lib/gcc/avr/4.3.3/avr5\libgcc.a(_fpcmp_parts_sf.o)
                0x00000ddc                __fpcmp_parts_f
 .text          0x00000e8e        0x0 c:/sdk/imt_sdk_win_64/winavr/bin/../lib/gcc/avr/4.3.3/avr5\libgcc.a(_clz.o)
                0x00000e8e                . = ALIGN (0x2)
 *(.text.*)
 .text.UART_enuInit
                0x00000e8e       0xba ./MCAL/USART/USART_prog.o
                0x00000e8e                UART_enuInit
 .text.UART_enuSendChar
                0x00000f48       0x3e ./MCAL/USART/USART_prog.o
                0x00000f48                UART_enuSendChar
 .text.UART_enuRecieveChar
                0x00000f86       0x48 ./MCAL/USART/USART_prog.o
                0x00000f86                UART_enuRecieveChar
 .text.UART_enuSendString
                0x00000fce       0x5e ./MCAL/USART/USART_prog.o
                0x00000fce                UART_enuSendString
 .text.UART_enuRecieveString
                0x0000102c       0x7a ./MCAL/USART/USART_prog.o
                0x0000102c                UART_enuRecieveString
 .text.TIMER0_enuInit
                0x000010a6       0xa2 ./MCAL/TIMER0/TIMER_Prog.o
                0x000010a6                TIMER0_enuInit
 .text.TIMER0_enuSetPreload
                0x00001148       0x26 ./MCAL/TIMER0/TIMER_Prog.o
                0x00001148                TIMER0_enuSetPreload
 .text.TIMER0_enuSetAsyncDelay
                0x0000116e      0x1c0 ./MCAL/TIMER0/TIMER_Prog.o
                0x0000116e                TIMER0_enuSetAsyncDelay
 .text.TIMER0_enuSetsyncDelay
                0x0000132e      0x1fc ./MCAL/TIMER0/TIMER_Prog.o
                0x0000132e                TIMER0_enuSetsyncDelay
 .text.TIMER0_enuGeneratePWM
                0x0000152a       0x30 ./MCAL/TIMER0/TIMER_Prog.o
                0x0000152a                TIMER0_enuGeneratePWM
 .text.TIMER0_enuSetCTCVal
                0x0000155a       0x26 ./MCAL/TIMER0/TIMER_Prog.o
                0x0000155a                TIMER0_enuSetCTCVal
 .text.TIMER0_enuSetCALLBACK_CTC
                0x00001580       0x54 ./MCAL/TIMER0/TIMER_Prog.o
                0x00001580                TIMER0_enuSetCALLBACK_CTC
 .text.TIMER0_enuEnableOVFInterrupt
                0x000015d4       0x28 ./MCAL/TIMER0/TIMER_Prog.o
                0x000015d4                TIMER0_enuEnableOVFInterrupt
 .text.TIMER0_enuEnableCTCInterrupt
                0x000015fc       0x28 ./MCAL/TIMER0/TIMER_Prog.o
                0x000015fc                TIMER0_enuEnableCTCInterrupt
 .text.__vector_10
                0x00001624       0x6e ./MCAL/TIMER0/TIMER_Prog.o
                0x00001624                __vector_10
 .text.__vector_11
                0x00001692       0xda ./MCAL/TIMER0/TIMER_Prog.o
                0x00001692                __vector_11
 .text.GIE_enuGloable_Interrupt_Enable
                0x0000176c       0x36 ./MCAL/GIE/GIE_Prog.o
                0x0000176c                GIE_enuGloable_Interrupt_Enable
 .text.GIE_enuGloable_Interrupt_Disable
                0x000017a2       0x28 ./MCAL/GIE/GIE_Prog.o
                0x000017a2                GIE_enuGloable_Interrupt_Disable
 .text.EXTI_enuInit
                0x000017ca      0x25c ./MCAL/EXTI/EXTI_Prog.o
                0x000017ca                EXTI_enuInit
 .text.EXTI_enuSetSenseLevel
                0x00001a26      0x1ae ./MCAL/EXTI/EXTI_Prog.o
                0x00001a26                EXTI_enuSetSenseLevel
 .text.EXTI_enuEnableINT
                0x00001bd4       0x60 ./MCAL/EXTI/EXTI_Prog.o
                0x00001bd4                EXTI_enuEnableINT
 .text.EXTI_enuDisableINT
                0x00001c34       0x60 ./MCAL/EXTI/EXTI_Prog.o
                0x00001c34                EXTI_enuDisableINT
 .text.EXTI_enuCallBack
                0x00001c94       0x6c ./MCAL/EXTI/EXTI_Prog.o
                0x00001c94                EXTI_enuCallBack
 .text.__vector_1
                0x00001d00       0x6e ./MCAL/EXTI/EXTI_Prog.o
                0x00001d00                __vector_1
 .text.__vector_2
                0x00001d6e       0x6e ./MCAL/EXTI/EXTI_Prog.o
                0x00001d6e                __vector_2
 .text.__vector_3
                0x00001ddc       0x6e ./MCAL/EXTI/EXTI_Prog.o
                0x00001ddc                __vector_3
 .text.DIO_enuInit
                0x00001e4a       0x58 ./MCAL/DIO/DIO_prog.o
                0x00001e4a                DIO_enuInit
 .text.DIO_enuSetPortDirection
                0x00001ea2       0x9a ./MCAL/DIO/DIO_prog.o
                0x00001ea2                DIO_enuSetPortDirection
 .text.DIO_enuSetPortVal
                0x00001f3c       0x9a ./MCAL/DIO/DIO_prog.o
                0x00001f3c                DIO_enuSetPortVal
 .text.DIO_enuGetPortVal
                0x00001fd6       0xbe ./MCAL/DIO/DIO_prog.o
                0x00001fd6                DIO_enuGetPortVal
 .text.DIO_enuTogPortVal
                0x00002094       0xae ./MCAL/DIO/DIO_prog.o
                0x00002094                DIO_enuTogPortVal
 .text.DIO_enuSetPinDirection
                0x00002142      0x1d8 ./MCAL/DIO/DIO_prog.o
                0x00002142                DIO_enuSetPinDirection
 .text.DIO_enuSetPinVal
                0x0000231a      0x1d8 ./MCAL/DIO/DIO_prog.o
                0x0000231a                DIO_enuSetPinVal
 .text.DIO_enuGetPinVal
                0x000024f2      0x134 ./MCAL/DIO/DIO_prog.o
                0x000024f2                DIO_enuGetPinVal
 .text.DIO_enuTogPinVal
                0x00002626      0x11c ./MCAL/DIO/DIO_prog.o
                0x00002626                DIO_enuTogPinVal
 .text.ADC_enuInit
                0x00002742       0x78 ./MCAL/ADC/ADC_Prog.o
                0x00002742                ADC_enuInit
 .text.ADC_enuEnable
                0x000027ba       0x24 ./MCAL/ADC/ADC_Prog.o
                0x000027ba                ADC_enuEnable
 .text.ADC_enuDisable
                0x000027de       0x24 ./MCAL/ADC/ADC_Prog.o
                0x000027de                ADC_enuDisable
 .text.ADC_enuStartConversion
                0x00002802       0x24 ./MCAL/ADC/ADC_Prog.o
                0x00002802                ADC_enuStartConversion
 .text.ADC_enuSelectChannel
                0x00002826       0x38 ./MCAL/ADC/ADC_Prog.o
                0x00002826                ADC_enuSelectChannel
 .text.ADC_enuPollingSystem
                0x0000285e       0x3a ./MCAL/ADC/ADC_Prog.o
                0x0000285e                ADC_enuPollingSystem
 .text.ADC_enuReadHighValue
                0x00002898       0x5c ./MCAL/ADC/ADC_Prog.o
                0x00002898                ADC_enuReadHighValue
 .text.ADC_enuReadValue
                0x000028f4       0x54 ./MCAL/ADC/ADC_Prog.o
                0x000028f4                ADC_enuReadValue
 .text.ADC_enuEnableTriggerMode
                0x00002948      0x222 ./MCAL/ADC/ADC_Prog.o
                0x00002948                ADC_enuEnableTriggerMode
 .text.ADC_enuDisableTriggerMode
                0x00002b6a       0x24 ./MCAL/ADC/ADC_Prog.o
                0x00002b6a                ADC_enuDisableTriggerMode
 .text.ADC_enuEnableInterruptrMode
                0x00002b8e       0x24 ./MCAL/ADC/ADC_Prog.o
                0x00002b8e                ADC_enuEnableInterruptrMode
 .text.ADC_enuDisableInterruptrMode
                0x00002bb2       0x24 ./MCAL/ADC/ADC_Prog.o
                0x00002bb2                ADC_enuDisableInterruptrMode
 .text.ADC_enuCallBack
                0x00002bd6       0x50 ./MCAL/ADC/ADC_Prog.o
                0x00002bd6                ADC_enuCallBack
 .text.__vector_16
                0x00002c26       0x6e ./MCAL/ADC/ADC_Prog.o
                0x00002c26                __vector_16
 .text.Thermistor_enuInit
                0x00002c94      0x108 ./HAL/Thermistor/Thermistor_prog.o
                0x00002c94                Thermistor_enuInit
 .text.LM35_inlvidReadADCValue
                0x00002d9c       0x28 ./HAL/Thermistor/Thermistor_prog.o
                0x00002d9c                LM35_inlvidReadADCValue
 .text.Themistor_enuGetTemp
                0x00002dc4       0x8c ./HAL/Thermistor/Thermistor_prog.o
                0x00002dc4                Themistor_enuGetTemp
 .text.LED_enuInit
                0x00002e50      0x280 ./HAL/LED/LED_prog.o
                0x00002e50                LED_enuInit
 .text.LED_enuTurnON
                0x000030d0       0x76 ./HAL/LED/LED_prog.o
                0x000030d0                LED_enuTurnON
 .text.LED_enuTurnOFF
                0x00003146       0x76 ./HAL/LED/LED_prog.o
                0x00003146                LED_enuTurnOFF
 .text.LCD_enuInit
                0x000031bc      0x440 ./HAL/LCD/LCD_Prog.o
                0x000031bc                LCD_enuInit
 .text.LCD_enuDisplayChar
                0x000035fc       0x2a ./HAL/LCD/LCD_Prog.o
                0x000035fc                LCD_enuDisplayChar
 .text.LCD_enuSendCommand
                0x00003626       0x2c ./HAL/LCD/LCD_Prog.o
                0x00003626                LCD_enuSendCommand
 .text.LCD_vidLatch
                0x00003652      0x1d6 ./HAL/LCD/LCD_Prog.o
 .text.LCD_vidClearScreen
                0x00003828       0x14 ./HAL/LCD/LCD_Prog.o
                0x00003828                LCD_vidClearScreen
 .text.LCD_invidSendCommand
                0x0000383c       0x24 ./HAL/LCD/LCD_Prog.o
 .text.LCD_enuGoToPosition
                0x00003860       0x64 ./HAL/LCD/LCD_Prog.o
                0x00003860                LCD_enuGoToPosition
 .text.LCD_enuWriteString
                0x000038c4      0x168 ./HAL/LCD/LCD_Prog.o
                0x000038c4                LCD_enuWriteString
 .text.LCD_enuDisplayNum
                0x00003a2c      0x1bc ./HAL/LCD/LCD_Prog.o
                0x00003a2c                LCD_enuDisplayNum
 .text.Keypad_enuInit
                0x00003be8       0xd6 ./HAL/KEYPAD/Keypad_prog.o
                0x00003be8                Keypad_enuInit
 .text.Keypad_enuGetPressedKey
                0x00003cbe      0x146 ./HAL/KEYPAD/Keypad_prog.o
                0x00003cbe                Keypad_enuGetPressedKey
 .text.DCMOTOR_enuInit
                0x00003e04       0x58 ./HAL/DC_MOTOR/DC_MOTOR_prog.o
                0x00003e04                DCMOTOR_enuInit
 .text.DCMOTOR_enuChangeDirection
                0x00003e5c       0x32 ./HAL/DC_MOTOR/DC_MOTOR_prog.o
                0x00003e5c                DCMOTOR_enuChangeDirection
 .text.DCMOTOR_enuSpeed
                0x00003e8e       0x22 ./HAL/DC_MOTOR/DC_MOTOR_prog.o
                0x00003e8e                DCMOTOR_enuSpeed
 .text.DCMOTOR_enuStop
                0x00003eb0       0x2e ./HAL/DC_MOTOR/DC_MOTOR_prog.o
                0x00003eb0                DCMOTOR_enuStop
 .text.main     0x00003ede       0x12 ./APP/main.o
                0x00003ede                main
 .text.libgcc   0x00003ef0       0x3e c:/sdk/imt_sdk_win_64/winavr/bin/../lib/gcc/avr/4.3.3/avr5\libgcc.a(_mulsi3.o)
                0x00003ef0                __mulsi3
 .text.libgcc   0x00003f2e       0x36 c:/sdk/imt_sdk_win_64/winavr/bin/../lib/gcc/avr/4.3.3/avr5\libgcc.a(_divmodsi4.o)
                0x00003f2e                __divmodsi4
 .text.libgcc   0x00003f64        0x0 c:/sdk/imt_sdk_win_64/winavr/bin/../lib/gcc/avr/4.3.3/avr5\libgcc.a(_exit.o)
 .text.libgcc   0x00003f64        0x0 c:/sdk/imt_sdk_win_64/winavr/bin/../lib/gcc/avr/4.3.3/avr5\libgcc.a(_copy_data.o)
 .text.libgcc   0x00003f64        0x0 c:/sdk/imt_sdk_win_64/winavr/bin/../lib/gcc/avr/4.3.3/avr5\libgcc.a(_clear_bss.o)
 .text.libgcc   0x00003f64       0x44 c:/sdk/imt_sdk_win_64/winavr/bin/../lib/gcc/avr/4.3.3/avr5\libgcc.a(_udivmodsi4.o)
                0x00003f64                __udivmodsi4
 .text.libgcc   0x00003fa8       0x38 c:/sdk/imt_sdk_win_64/winavr/bin/../lib/gcc/avr/4.3.3/avr5\libgcc.a(_prologue.o)
                0x00003fa8                __prologue_saves__
 .text.libgcc   0x00003fe0       0x36 c:/sdk/imt_sdk_win_64/winavr/bin/../lib/gcc/avr/4.3.3/avr5\libgcc.a(_epilogue.o)
                0x00003fe0                __epilogue_restores__
                0x00004016                . = ALIGN (0x2)
 *(.fini9)
 .fini9         0x00004016        0x0 c:/sdk/imt_sdk_win_64/winavr/bin/../lib/gcc/avr/4.3.3/avr5\libgcc.a(_exit.o)
                0x00004016                exit
                0x00004016                _exit
 *(.fini9)
 *(.fini8)
 *(.fini8)
 *(.fini7)
 *(.fini7)
 *(.fini6)
 *(.fini6)
 *(.fini5)
 *(.fini5)
 *(.fini4)
 *(.fini4)
 *(.fini3)
 *(.fini3)
 *(.fini2)
 *(.fini2)
 *(.fini1)
 *(.fini1)
 *(.fini0)
 .fini0         0x00004016        0x4 c:/sdk/imt_sdk_win_64/winavr/bin/../lib/gcc/avr/4.3.3/avr5\libgcc.a(_exit.o)
 *(.fini0)
                0x0000401a                _etext = .

.data           0x00800060      0x138 load address 0x0000401a
                0x00800060                PROVIDE (__data_start, .)
 *(.data)
 .data          0x00800060        0x0 c:/sdk/imt_sdk_win_64/winavr/bin/../lib/gcc/avr/4.3.3/../../../../avr/lib/avr5/crtm32.o
 .data          0x00800060        0x0 ./MCAL/USART/USART_prog.o
 .data          0x00800060        0x0 ./MCAL/TIMER0/TIMER_Prog.o
 .data          0x00800060        0x0 ./MCAL/GIE/GIE_Prog.o
 .data          0x00800060        0x0 ./MCAL/EXTI/EXTI_Config.o
 .data          0x00800060        0x0 ./MCAL/EXTI/EXTI_Prog.o
 .data          0x00800060        0x0 ./MCAL/DIO/DIO_prog.o
 .data          0x00800060        0x0 ./MCAL/ADC/ADC_Prog.o
 .data          0x00800060        0x0 ./HAL/Thermistor/Thermistor_config.o
 .data          0x00800060        0x0 ./HAL/Thermistor/Thermistor_prog.o
 .data          0x00800060        0x0 ./HAL/LED/LED_config.o
 .data          0x00800060        0x0 ./HAL/LED/LED_prog.o
 .data          0x00800060        0x0 ./HAL/LCD/LCD_Prog.o
 .data          0x00800060        0x0 ./HAL/KEYPAD/Keypad_prog.o
 .data          0x00800060        0x0 ./HAL/DC_MOTOR/DC_MOTOR_prog.o
 .data          0x00800060        0x0 ./APP/main.o
 .data          0x00800060        0x0 c:/sdk/imt_sdk_win_64/winavr/bin/../lib/gcc/avr/4.3.3/avr5\libgcc.a(_mulsi3.o)
 .data          0x00800060        0x0 c:/sdk/imt_sdk_win_64/winavr/bin/../lib/gcc/avr/4.3.3/avr5\libgcc.a(_divmodsi4.o)
 .data          0x00800060        0x0 c:/sdk/imt_sdk_win_64/winavr/bin/../lib/gcc/avr/4.3.3/avr5\libgcc.a(_exit.o)
 .data          0x00800060        0x0 c:/sdk/imt_sdk_win_64/winavr/bin/../lib/gcc/avr/4.3.3/avr5\libgcc.a(_copy_data.o)
 .data          0x00800060        0x0 c:/sdk/imt_sdk_win_64/winavr/bin/../lib/gcc/avr/4.3.3/avr5\libgcc.a(_clear_bss.o)
 .data          0x00800060        0x0 c:/sdk/imt_sdk_win_64/winavr/bin/../lib/gcc/avr/4.3.3/avr5\libgcc.a(_fixunssfsi.o)
 .data          0x00800060        0x0 c:/sdk/imt_sdk_win_64/winavr/bin/../lib/gcc/avr/4.3.3/avr5\libgcc.a(_addsub_sf.o)
 .data          0x00800060        0x0 c:/sdk/imt_sdk_win_64/winavr/bin/../lib/gcc/avr/4.3.3/avr5\libgcc.a(_mul_sf.o)
 .data          0x00800060        0x0 c:/sdk/imt_sdk_win_64/winavr/bin/../lib/gcc/avr/4.3.3/avr5\libgcc.a(_div_sf.o)
 .data          0x00800060        0x0 c:/sdk/imt_sdk_win_64/winavr/bin/../lib/gcc/avr/4.3.3/avr5\libgcc.a(_ne_sf.o)
 .data          0x00800060        0x0 c:/sdk/imt_sdk_win_64/winavr/bin/../lib/gcc/avr/4.3.3/avr5\libgcc.a(_gt_sf.o)
 .data          0x00800060        0x0 c:/sdk/imt_sdk_win_64/winavr/bin/../lib/gcc/avr/4.3.3/avr5\libgcc.a(_ge_sf.o)
 .data          0x00800060        0x0 c:/sdk/imt_sdk_win_64/winavr/bin/../lib/gcc/avr/4.3.3/avr5\libgcc.a(_lt_sf.o)
 .data          0x00800060        0x0 c:/sdk/imt_sdk_win_64/winavr/bin/../lib/gcc/avr/4.3.3/avr5\libgcc.a(_sf_to_si.o)
 .data          0x00800060        0x8 c:/sdk/imt_sdk_win_64/winavr/bin/../lib/gcc/avr/4.3.3/avr5\libgcc.a(_thenan_sf.o)
                0x00800060                __thenan_sf
 .data          0x00800068        0x0 c:/sdk/imt_sdk_win_64/winavr/bin/../lib/gcc/avr/4.3.3/avr5\libgcc.a(_usi_to_sf.o)
 .data          0x00800068        0x0 c:/sdk/imt_sdk_win_64/winavr/bin/../lib/gcc/avr/4.3.3/avr5\libgcc.a(_udivmodsi4.o)
 .data          0x00800068        0x0 c:/sdk/imt_sdk_win_64/winavr/bin/../lib/gcc/avr/4.3.3/avr5\libgcc.a(_prologue.o)
 .data          0x00800068        0x0 c:/sdk/imt_sdk_win_64/winavr/bin/../lib/gcc/avr/4.3.3/avr5\libgcc.a(_epilogue.o)
 .data          0x00800068        0x0 c:/sdk/imt_sdk_win_64/winavr/bin/../lib/gcc/avr/4.3.3/avr5\libgcc.a(_clzsi2.o)
 .data          0x00800068        0x0 c:/sdk/imt_sdk_win_64/winavr/bin/../lib/gcc/avr/4.3.3/avr5\libgcc.a(_pack_sf.o)
 .data          0x00800068        0x0 c:/sdk/imt_sdk_win_64/winavr/bin/../lib/gcc/avr/4.3.3/avr5\libgcc.a(_unpack_sf.o)
 .data          0x00800068        0x0 c:/sdk/imt_sdk_win_64/winavr/bin/../lib/gcc/avr/4.3.3/avr5\libgcc.a(_fpcmp_parts_sf.o)
 .data          0x00800068      0x100 c:/sdk/imt_sdk_win_64/winavr/bin/../lib/gcc/avr/4.3.3/avr5\libgcc.a(_clz.o)
                0x00800068                __clz_tab
 *(.data*)
 .data.EXTI_AstrEXTIConfig
                0x00800168        0x6 ./MCAL/EXTI/EXTI_Config.o
                0x00800168                EXTI_AstrEXTIConfig
 .data.LM35_AstrEXTIConfig
                0x0080016e        0x2 ./HAL/Thermistor/Thermistor_config.o
                0x0080016e                LM35_AstrEXTIConfig
 .data.LED_AstrLedConfig
                0x00800170        0xc ./HAL/LED/LED_config.o
                0x00800170                LED_AstrLedConfig
 .data.Local_AuKeyPad.1325
                0x0080017c       0x10 ./HAL/KEYPAD/Keypad_prog.o
 .data.Local_Au8ColPins.1324
                0x0080018c        0x4 ./HAL/KEYPAD/Keypad_prog.o
 .data.Local_Au8RowPins.1322
                0x00800190        0x4 ./HAL/KEYPAD/Keypad_prog.o
 .data.Local_Au8RowPorts.1321
                0x00800194        0x4 ./HAL/KEYPAD/Keypad_prog.o
 *(.rodata)
 *(.rodata*)
 *(.gnu.linkonce.d*)
                0x00800198                . = ALIGN (0x2)
                0x00800198                _edata = .
                0x00800198                PROVIDE (__data_end, .)

.bss            0x00800198       0x2f
                0x00800198                PROVIDE (__bss_start, .)
 *(.bss)
 .bss           0x00800198        0x0 c:/sdk/imt_sdk_win_64/winavr/bin/../lib/gcc/avr/4.3.3/../../../../avr/lib/avr5/crtm32.o
 .bss           0x00800198        0x0 ./MCAL/USART/USART_prog.o
 .bss           0x00800198        0x0 ./MCAL/TIMER0/TIMER_Prog.o
 .bss           0x00800198        0x0 ./MCAL/GIE/GIE_Prog.o
 .bss           0x00800198        0x0 ./MCAL/EXTI/EXTI_Config.o
 .bss           0x00800198        0x0 ./MCAL/EXTI/EXTI_Prog.o
 .bss           0x00800198        0x0 ./MCAL/DIO/DIO_prog.o
 .bss           0x00800198        0x0 ./MCAL/ADC/ADC_Prog.o
 .bss           0x00800198        0x0 ./HAL/Thermistor/Thermistor_config.o
 .bss           0x00800198        0x0 ./HAL/Thermistor/Thermistor_prog.o
 .bss           0x00800198        0x0 ./HAL/LED/LED_config.o
 .bss           0x00800198        0x0 ./HAL/LED/LED_prog.o
 .bss           0x00800198        0x0 ./HAL/LCD/LCD_Prog.o
 .bss           0x00800198        0x0 ./HAL/KEYPAD/Keypad_prog.o
 .bss           0x00800198        0x0 ./HAL/DC_MOTOR/DC_MOTOR_prog.o
 .bss           0x00800198        0x0 ./APP/main.o
 .bss           0x00800198        0x0 c:/sdk/imt_sdk_win_64/winavr/bin/../lib/gcc/avr/4.3.3/avr5\libgcc.a(_mulsi3.o)
 .bss           0x00800198        0x0 c:/sdk/imt_sdk_win_64/winavr/bin/../lib/gcc/avr/4.3.3/avr5\libgcc.a(_divmodsi4.o)
 .bss           0x00800198        0x0 c:/sdk/imt_sdk_win_64/winavr/bin/../lib/gcc/avr/4.3.3/avr5\libgcc.a(_exit.o)
 .bss           0x00800198        0x0 c:/sdk/imt_sdk_win_64/winavr/bin/../lib/gcc/avr/4.3.3/avr5\libgcc.a(_copy_data.o)
 .bss           0x00800198        0x0 c:/sdk/imt_sdk_win_64/winavr/bin/../lib/gcc/avr/4.3.3/avr5\libgcc.a(_clear_bss.o)
 .bss           0x00800198        0x0 c:/sdk/imt_sdk_win_64/winavr/bin/../lib/gcc/avr/4.3.3/avr5\libgcc.a(_fixunssfsi.o)
 .bss           0x00800198        0x0 c:/sdk/imt_sdk_win_64/winavr/bin/../lib/gcc/avr/4.3.3/avr5\libgcc.a(_addsub_sf.o)
 .bss           0x00800198        0x0 c:/sdk/imt_sdk_win_64/winavr/bin/../lib/gcc/avr/4.3.3/avr5\libgcc.a(_mul_sf.o)
 .bss           0x00800198        0x0 c:/sdk/imt_sdk_win_64/winavr/bin/../lib/gcc/avr/4.3.3/avr5\libgcc.a(_div_sf.o)
 .bss           0x00800198        0x0 c:/sdk/imt_sdk_win_64/winavr/bin/../lib/gcc/avr/4.3.3/avr5\libgcc.a(_ne_sf.o)
 .bss           0x00800198        0x0 c:/sdk/imt_sdk_win_64/winavr/bin/../lib/gcc/avr/4.3.3/avr5\libgcc.a(_gt_sf.o)
 .bss           0x00800198        0x0 c:/sdk/imt_sdk_win_64/winavr/bin/../lib/gcc/avr/4.3.3/avr5\libgcc.a(_ge_sf.o)
 .bss           0x00800198        0x0 c:/sdk/imt_sdk_win_64/winavr/bin/../lib/gcc/avr/4.3.3/avr5\libgcc.a(_lt_sf.o)
 .bss           0x00800198        0x0 c:/sdk/imt_sdk_win_64/winavr/bin/../lib/gcc/avr/4.3.3/avr5\libgcc.a(_sf_to_si.o)
 .bss           0x00800198        0x0 c:/sdk/imt_sdk_win_64/winavr/bin/../lib/gcc/avr/4.3.3/avr5\libgcc.a(_thenan_sf.o)
 .bss           0x00800198        0x0 c:/sdk/imt_sdk_win_64/winavr/bin/../lib/gcc/avr/4.3.3/avr5\libgcc.a(_usi_to_sf.o)
 .bss           0x00800198        0x0 c:/sdk/imt_sdk_win_64/winavr/bin/../lib/gcc/avr/4.3.3/avr5\libgcc.a(_udivmodsi4.o)
 .bss           0x00800198        0x0 c:/sdk/imt_sdk_win_64/winavr/bin/../lib/gcc/avr/4.3.3/avr5\libgcc.a(_prologue.o)
 .bss           0x00800198        0x0 c:/sdk/imt_sdk_win_64/winavr/bin/../lib/gcc/avr/4.3.3/avr5\libgcc.a(_epilogue.o)
 .bss           0x00800198        0x0 c:/sdk/imt_sdk_win_64/winavr/bin/../lib/gcc/avr/4.3.3/avr5\libgcc.a(_clzsi2.o)
 .bss           0x00800198        0x0 c:/sdk/imt_sdk_win_64/winavr/bin/../lib/gcc/avr/4.3.3/avr5\libgcc.a(_pack_sf.o)
 .bss           0x00800198        0x0 c:/sdk/imt_sdk_win_64/winavr/bin/../lib/gcc/avr/4.3.3/avr5\libgcc.a(_unpack_sf.o)
 .bss           0x00800198        0x0 c:/sdk/imt_sdk_win_64/winavr/bin/../lib/gcc/avr/4.3.3/avr5\libgcc.a(_fpcmp_parts_sf.o)
 .bss           0x00800198        0x0 c:/sdk/imt_sdk_win_64/winavr/bin/../lib/gcc/avr/4.3.3/avr5\libgcc.a(_clz.o)
 *(.bss*)
 .bss.Timer0_ApFun_OVF
                0x00800198        0x2 ./MCAL/TIMER0/TIMER_Prog.o
 .bss.Timer0_Apvidparameter_OVF
                0x0080019a        0x2 ./MCAL/TIMER0/TIMER_Prog.o
 .bss.TIMER0_PFun_CTC
                0x0080019c        0x2 ./MCAL/TIMER0/TIMER_Prog.o
 .bss.TIMER0_Pvidparameter_CTC
                0x0080019e        0x2 ./MCAL/TIMER0/TIMER_Prog.o
 .bss.Global_u32NumOvf
                0x008001a0        0x4 ./MCAL/TIMER0/TIMER_Prog.o
                0x008001a0                Global_u32NumOvf
 .bss.Global_u8Preload
                0x008001a4        0x1 ./MCAL/TIMER0/TIMER_Prog.o
                0x008001a4                Global_u8Preload
 .bss.TIMER0_f32OC0Val
                0x008001a5        0x4 ./MCAL/TIMER0/TIMER_Prog.o
                0x008001a5                TIMER0_f32OC0Val
 .bss.Local_u32Counter.1417
                0x008001a9        0x4 ./MCAL/TIMER0/TIMER_Prog.o
 .bss.EXTI_ApfunINTFun
                0x008001ad        0x6 ./MCAL/EXTI/EXTI_Prog.o
 .bss.EXTI_ApvidGenericparameter
                0x008001b3        0x6 ./MCAL/EXTI/EXTI_Prog.o
                0x008001b3                EXTI_ApvidGenericparameter
 .bss.ADC_PFuncISRFunc
                0x008001b9        0x2 ./MCAL/ADC/ADC_Prog.o
 .bss.ADC_PvidISRParameter
                0x008001bb        0x2 ./MCAL/ADC/ADC_Prog.o
 .bss.ADCValue  0x008001bd        0x2 ./HAL/Thermistor/Thermistor_prog.o
 .bss.LM35_f32Tempeture
                0x008001bf        0x4 ./HAL/Thermistor/Thermistor_prog.o
 .bss.Local_Au8ColPorts.1323
                0x008001c3        0x4 ./HAL/KEYPAD/Keypad_prog.o
 *(COMMON)
                0x008001c7                PROVIDE (__bss_end, .)
                0x0000401a                __data_load_start = LOADADDR (.data)
                0x00004152                __data_load_end = (__data_load_start + SIZEOF (.data))

.noinit         0x008001c7        0x0
                0x008001c7                PROVIDE (__noinit_start, .)
 *(.noinit*)
                0x008001c7                PROVIDE (__noinit_end, .)
                0x008001c7                _end = .
                0x008001c7                PROVIDE (__heap_start, .)

.eeprom         0x00810000        0x0
 *(.eeprom*)
                0x00810000                __eeprom_end = .

.fuse
 *(.fuse)
 *(.lfuse)
 *(.hfuse)
 *(.efuse)

.lock
 *(.lock*)

.signature
 *(.signature*)

.stab           0x00000000     0x5064
 *(.stab)
 .stab          0x00000000      0x5d0 ./MCAL/USART/USART_prog.o
 .stab          0x000005d0      0x9cc ./MCAL/TIMER0/TIMER_Prog.o
                                0x9d8 (size before relaxing)
 .stab          0x00000f9c      0x288 ./MCAL/GIE/GIE_Prog.o
                                0x294 (size before relaxing)
 .stab          0x00001224      0x1bc ./MCAL/EXTI/EXTI_Config.o
                                0x1c8 (size before relaxing)
 .stab          0x000013e0      0x78c ./MCAL/EXTI/EXTI_Prog.o
                                0x84c (size before relaxing)
 .stab          0x00001b6c      0x9c0 ./MCAL/DIO/DIO_prog.o
                                0x9cc (size before relaxing)
 .stab          0x0000252c      0x990 ./MCAL/ADC/ADC_Prog.o
                                0x99c (size before relaxing)
 .stab          0x00002ebc      0x1bc ./HAL/Thermistor/Thermistor_config.o
                                0x1c8 (size before relaxing)
 .stab          0x00003078      0x324 ./HAL/Thermistor/Thermistor_prog.o
                                0x3e4 (size before relaxing)
 .stab          0x0000339c      0x1bc ./HAL/LED/LED_config.o
                                0x1c8 (size before relaxing)
 .stab          0x00003558      0x3f0 ./HAL/LED/LED_prog.o
                                0x4b0 (size before relaxing)
 .stab          0x00003948      0xdbc ./HAL/LCD/LCD_Prog.o
                                0xdc8 (size before relaxing)
 .stab          0x00004704      0x498 ./HAL/KEYPAD/Keypad_prog.o
                                0x630 (size before relaxing)
 .stab          0x00004b9c      0x3a8 ./HAL/DC_MOTOR/DC_MOTOR_prog.o
                                0x3b4 (size before relaxing)
 .stab          0x00004f44      0x120 ./APP/main.o
                                0x12c (size before relaxing)

.stabstr        0x00000000     0x200b
 *(.stabstr)
 .stabstr       0x00000000     0x200b ./MCAL/USART/USART_prog.o

.stab.excl
 *(.stab.excl)

.stab.exclstr
 *(.stab.exclstr)

.stab.index
 *(.stab.index)

.stab.indexstr
 *(.stab.indexstr)

.comment
 *(.comment)

.debug
 *(.debug)

.line
 *(.line)

.debug_srcinfo
 *(.debug_srcinfo)

.debug_sfnames
 *(.debug_sfnames)

.debug_aranges  0x00000000      0x1c0
 *(.debug_aranges)
 .debug_aranges
                0x00000000       0x20 c:/sdk/imt_sdk_win_64/winavr/bin/../lib/gcc/avr/4.3.3/avr5\libgcc.a(_fixunssfsi.o)
 .debug_aranges
                0x00000020       0x20 c:/sdk/imt_sdk_win_64/winavr/bin/../lib/gcc/avr/4.3.3/avr5\libgcc.a(_addsub_sf.o)
 .debug_aranges
                0x00000040       0x20 c:/sdk/imt_sdk_win_64/winavr/bin/../lib/gcc/avr/4.3.3/avr5\libgcc.a(_mul_sf.o)
 .debug_aranges
                0x00000060       0x20 c:/sdk/imt_sdk_win_64/winavr/bin/../lib/gcc/avr/4.3.3/avr5\libgcc.a(_div_sf.o)
 .debug_aranges
                0x00000080       0x20 c:/sdk/imt_sdk_win_64/winavr/bin/../lib/gcc/avr/4.3.3/avr5\libgcc.a(_ne_sf.o)
 .debug_aranges
                0x000000a0       0x20 c:/sdk/imt_sdk_win_64/winavr/bin/../lib/gcc/avr/4.3.3/avr5\libgcc.a(_gt_sf.o)
 .debug_aranges
                0x000000c0       0x20 c:/sdk/imt_sdk_win_64/winavr/bin/../lib/gcc/avr/4.3.3/avr5\libgcc.a(_ge_sf.o)
 .debug_aranges
                0x000000e0       0x20 c:/sdk/imt_sdk_win_64/winavr/bin/../lib/gcc/avr/4.3.3/avr5\libgcc.a(_lt_sf.o)
 .debug_aranges
                0x00000100       0x20 c:/sdk/imt_sdk_win_64/winavr/bin/../lib/gcc/avr/4.3.3/avr5\libgcc.a(_sf_to_si.o)
 .debug_aranges
                0x00000120       0x20 c:/sdk/imt_sdk_win_64/winavr/bin/../lib/gcc/avr/4.3.3/avr5\libgcc.a(_usi_to_sf.o)
 .debug_aranges
                0x00000140       0x20 c:/sdk/imt_sdk_win_64/winavr/bin/../lib/gcc/avr/4.3.3/avr5\libgcc.a(_clzsi2.o)
 .debug_aranges
                0x00000160       0x20 c:/sdk/imt_sdk_win_64/winavr/bin/../lib/gcc/avr/4.3.3/avr5\libgcc.a(_pack_sf.o)
 .debug_aranges
                0x00000180       0x20 c:/sdk/imt_sdk_win_64/winavr/bin/../lib/gcc/avr/4.3.3/avr5\libgcc.a(_unpack_sf.o)
 .debug_aranges
                0x000001a0       0x20 c:/sdk/imt_sdk_win_64/winavr/bin/../lib/gcc/avr/4.3.3/avr5\libgcc.a(_fpcmp_parts_sf.o)

.debug_pubnames
                0x00000000      0x210
 *(.debug_pubnames)
 .debug_pubnames
                0x00000000       0x23 c:/sdk/imt_sdk_win_64/winavr/bin/../lib/gcc/avr/4.3.3/avr5\libgcc.a(_fixunssfsi.o)
 .debug_pubnames
                0x00000023       0x2c c:/sdk/imt_sdk_win_64/winavr/bin/../lib/gcc/avr/4.3.3/avr5\libgcc.a(_addsub_sf.o)
 .debug_pubnames
                0x0000004f       0x1f c:/sdk/imt_sdk_win_64/winavr/bin/../lib/gcc/avr/4.3.3/avr5\libgcc.a(_mul_sf.o)
 .debug_pubnames
                0x0000006e       0x1f c:/sdk/imt_sdk_win_64/winavr/bin/../lib/gcc/avr/4.3.3/avr5\libgcc.a(_div_sf.o)
 .debug_pubnames
                0x0000008d       0x1e c:/sdk/imt_sdk_win_64/winavr/bin/../lib/gcc/avr/4.3.3/avr5\libgcc.a(_ne_sf.o)
 .debug_pubnames
                0x000000ab       0x1e c:/sdk/imt_sdk_win_64/winavr/bin/../lib/gcc/avr/4.3.3/avr5\libgcc.a(_gt_sf.o)
 .debug_pubnames
                0x000000c9       0x1e c:/sdk/imt_sdk_win_64/winavr/bin/../lib/gcc/avr/4.3.3/avr5\libgcc.a(_ge_sf.o)
 .debug_pubnames
                0x000000e7       0x1e c:/sdk/imt_sdk_win_64/winavr/bin/../lib/gcc/avr/4.3.3/avr5\libgcc.a(_lt_sf.o)
 .debug_pubnames
                0x00000105       0x20 c:/sdk/imt_sdk_win_64/winavr/bin/../lib/gcc/avr/4.3.3/avr5\libgcc.a(_sf_to_si.o)
 .debug_pubnames
                0x00000125       0x22 c:/sdk/imt_sdk_win_64/winavr/bin/../lib/gcc/avr/4.3.3/avr5\libgcc.a(_thenan_sf.o)
 .debug_pubnames
                0x00000147       0x24 c:/sdk/imt_sdk_win_64/winavr/bin/../lib/gcc/avr/4.3.3/avr5\libgcc.a(_usi_to_sf.o)
 .debug_pubnames
                0x0000016b       0x1f c:/sdk/imt_sdk_win_64/winavr/bin/../lib/gcc/avr/4.3.3/avr5\libgcc.a(_clzsi2.o)
 .debug_pubnames
                0x0000018a       0x1f c:/sdk/imt_sdk_win_64/winavr/bin/../lib/gcc/avr/4.3.3/avr5\libgcc.a(_pack_sf.o)
 .debug_pubnames
                0x000001a9       0x21 c:/sdk/imt_sdk_win_64/winavr/bin/../lib/gcc/avr/4.3.3/avr5\libgcc.a(_unpack_sf.o)
 .debug_pubnames
                0x000001ca       0x26 c:/sdk/imt_sdk_win_64/winavr/bin/../lib/gcc/avr/4.3.3/avr5\libgcc.a(_fpcmp_parts_sf.o)
 .debug_pubnames
                0x000001f0       0x20 c:/sdk/imt_sdk_win_64/winavr/bin/../lib/gcc/avr/4.3.3/avr5\libgcc.a(_clz.o)

.debug_info     0x00000000     0x268a
 *(.debug_info)
 .debug_info    0x00000000       0xb1 c:/sdk/imt_sdk_win_64/winavr/bin/../lib/gcc/avr/4.3.3/avr5\libgcc.a(_fixunssfsi.o)
 .debug_info    0x000000b1      0x47a c:/sdk/imt_sdk_win_64/winavr/bin/../lib/gcc/avr/4.3.3/avr5\libgcc.a(_addsub_sf.o)
 .debug_info    0x0000052b      0x485 c:/sdk/imt_sdk_win_64/winavr/bin/../lib/gcc/avr/4.3.3/avr5\libgcc.a(_mul_sf.o)
 .debug_info    0x000009b0      0x3fc c:/sdk/imt_sdk_win_64/winavr/bin/../lib/gcc/avr/4.3.3/avr5\libgcc.a(_div_sf.o)
 .debug_info    0x00000dac      0x27f c:/sdk/imt_sdk_win_64/winavr/bin/../lib/gcc/avr/4.3.3/avr5\libgcc.a(_ne_sf.o)
 .debug_info    0x0000102b      0x27f c:/sdk/imt_sdk_win_64/winavr/bin/../lib/gcc/avr/4.3.3/avr5\libgcc.a(_gt_sf.o)
 .debug_info    0x000012aa      0x27f c:/sdk/imt_sdk_win_64/winavr/bin/../lib/gcc/avr/4.3.3/avr5\libgcc.a(_ge_sf.o)
 .debug_info    0x00001529      0x27f c:/sdk/imt_sdk_win_64/winavr/bin/../lib/gcc/avr/4.3.3/avr5\libgcc.a(_lt_sf.o)
 .debug_info    0x000017a8      0x2b0 c:/sdk/imt_sdk_win_64/winavr/bin/../lib/gcc/avr/4.3.3/avr5\libgcc.a(_sf_to_si.o)
 .debug_info    0x00001a58      0x12c c:/sdk/imt_sdk_win_64/winavr/bin/../lib/gcc/avr/4.3.3/avr5\libgcc.a(_thenan_sf.o)
 .debug_info    0x00001b84      0x206 c:/sdk/imt_sdk_win_64/winavr/bin/../lib/gcc/avr/4.3.3/avr5\libgcc.a(_usi_to_sf.o)
 .debug_info    0x00001d8a      0x117 c:/sdk/imt_sdk_win_64/winavr/bin/../lib/gcc/avr/4.3.3/avr5\libgcc.a(_clzsi2.o)
 .debug_info    0x00001ea1      0x2df c:/sdk/imt_sdk_win_64/winavr/bin/../lib/gcc/avr/4.3.3/avr5\libgcc.a(_pack_sf.o)
 .debug_info    0x00002180      0x251 c:/sdk/imt_sdk_win_64/winavr/bin/../lib/gcc/avr/4.3.3/avr5\libgcc.a(_unpack_sf.o)
 .debug_info    0x000023d1      0x210 c:/sdk/imt_sdk_win_64/winavr/bin/../lib/gcc/avr/4.3.3/avr5\libgcc.a(_fpcmp_parts_sf.o)
 .debug_info    0x000025e1       0xa9 c:/sdk/imt_sdk_win_64/winavr/bin/../lib/gcc/avr/4.3.3/avr5\libgcc.a(_clz.o)
 *(.gnu.linkonce.wi.*)

.debug_abbrev   0x00000000     0x14e0
 *(.debug_abbrev)
 .debug_abbrev  0x00000000       0x5d c:/sdk/imt_sdk_win_64/winavr/bin/../lib/gcc/avr/4.3.3/avr5\libgcc.a(_fixunssfsi.o)
 .debug_abbrev  0x0000005d      0x1ea c:/sdk/imt_sdk_win_64/winavr/bin/../lib/gcc/avr/4.3.3/avr5\libgcc.a(_addsub_sf.o)
 .debug_abbrev  0x00000247      0x21b c:/sdk/imt_sdk_win_64/winavr/bin/../lib/gcc/avr/4.3.3/avr5\libgcc.a(_mul_sf.o)
 .debug_abbrev  0x00000462      0x216 c:/sdk/imt_sdk_win_64/winavr/bin/../lib/gcc/avr/4.3.3/avr5\libgcc.a(_div_sf.o)
 .debug_abbrev  0x00000678      0x15a c:/sdk/imt_sdk_win_64/winavr/bin/../lib/gcc/avr/4.3.3/avr5\libgcc.a(_ne_sf.o)
 .debug_abbrev  0x000007d2      0x15a c:/sdk/imt_sdk_win_64/winavr/bin/../lib/gcc/avr/4.3.3/avr5\libgcc.a(_gt_sf.o)
 .debug_abbrev  0x0000092c      0x15a c:/sdk/imt_sdk_win_64/winavr/bin/../lib/gcc/avr/4.3.3/avr5\libgcc.a(_ge_sf.o)
 .debug_abbrev  0x00000a86      0x15a c:/sdk/imt_sdk_win_64/winavr/bin/../lib/gcc/avr/4.3.3/avr5\libgcc.a(_lt_sf.o)
 .debug_abbrev  0x00000be0      0x17f c:/sdk/imt_sdk_win_64/winavr/bin/../lib/gcc/avr/4.3.3/avr5\libgcc.a(_sf_to_si.o)
 .debug_abbrev  0x00000d5f       0xad c:/sdk/imt_sdk_win_64/winavr/bin/../lib/gcc/avr/4.3.3/avr5\libgcc.a(_thenan_sf.o)
 .debug_abbrev  0x00000e0c      0x157 c:/sdk/imt_sdk_win_64/winavr/bin/../lib/gcc/avr/4.3.3/avr5\libgcc.a(_usi_to_sf.o)
 .debug_abbrev  0x00000f63       0xc4 c:/sdk/imt_sdk_win_64/winavr/bin/../lib/gcc/avr/4.3.3/avr5\libgcc.a(_clzsi2.o)
 .debug_abbrev  0x00001027      0x1c0 c:/sdk/imt_sdk_win_64/winavr/bin/../lib/gcc/avr/4.3.3/avr5\libgcc.a(_pack_sf.o)
 .debug_abbrev  0x000011e7      0x154 c:/sdk/imt_sdk_win_64/winavr/bin/../lib/gcc/avr/4.3.3/avr5\libgcc.a(_unpack_sf.o)
 .debug_abbrev  0x0000133b      0x13b c:/sdk/imt_sdk_win_64/winavr/bin/../lib/gcc/avr/4.3.3/avr5\libgcc.a(_fpcmp_parts_sf.o)
 .debug_abbrev  0x00001476       0x6a c:/sdk/imt_sdk_win_64/winavr/bin/../lib/gcc/avr/4.3.3/avr5\libgcc.a(_clz.o)

.debug_line     0x00000000     0x12a9
 *(.debug_line)
 .debug_line    0x00000000       0xa7 c:/sdk/imt_sdk_win_64/winavr/bin/../lib/gcc/avr/4.3.3/avr5\libgcc.a(_fixunssfsi.o)
 .debug_line    0x000000a7      0x2af c:/sdk/imt_sdk_win_64/winavr/bin/../lib/gcc/avr/4.3.3/avr5\libgcc.a(_addsub_sf.o)
 .debug_line    0x00000356      0x239 c:/sdk/imt_sdk_win_64/winavr/bin/../lib/gcc/avr/4.3.3/avr5\libgcc.a(_mul_sf.o)
 .debug_line    0x0000058f      0x1d5 c:/sdk/imt_sdk_win_64/winavr/bin/../lib/gcc/avr/4.3.3/avr5\libgcc.a(_div_sf.o)
 .debug_line    0x00000764       0xd3 c:/sdk/imt_sdk_win_64/winavr/bin/../lib/gcc/avr/4.3.3/avr5\libgcc.a(_ne_sf.o)
 .debug_line    0x00000837       0xd3 c:/sdk/imt_sdk_win_64/winavr/bin/../lib/gcc/avr/4.3.3/avr5\libgcc.a(_gt_sf.o)
 .debug_line    0x0000090a       0xd3 c:/sdk/imt_sdk_win_64/winavr/bin/../lib/gcc/avr/4.3.3/avr5\libgcc.a(_ge_sf.o)
 .debug_line    0x000009dd       0xd3 c:/sdk/imt_sdk_win_64/winavr/bin/../lib/gcc/avr/4.3.3/avr5\libgcc.a(_lt_sf.o)
 .debug_line    0x00000ab0      0x109 c:/sdk/imt_sdk_win_64/winavr/bin/../lib/gcc/avr/4.3.3/avr5\libgcc.a(_sf_to_si.o)
 .debug_line    0x00000bb9       0x90 c:/sdk/imt_sdk_win_64/winavr/bin/../lib/gcc/avr/4.3.3/avr5\libgcc.a(_thenan_sf.o)
 .debug_line    0x00000c49      0x133 c:/sdk/imt_sdk_win_64/winavr/bin/../lib/gcc/avr/4.3.3/avr5\libgcc.a(_usi_to_sf.o)
 .debug_line    0x00000d7c       0xa5 c:/sdk/imt_sdk_win_64/winavr/bin/../lib/gcc/avr/4.3.3/avr5\libgcc.a(_clzsi2.o)
 .debug_line    0x00000e21      0x18a c:/sdk/imt_sdk_win_64/winavr/bin/../lib/gcc/avr/4.3.3/avr5\libgcc.a(_pack_sf.o)
 .debug_line    0x00000fab      0x14b c:/sdk/imt_sdk_win_64/winavr/bin/../lib/gcc/avr/4.3.3/avr5\libgcc.a(_unpack_sf.o)
 .debug_line    0x000010f6      0x137 c:/sdk/imt_sdk_win_64/winavr/bin/../lib/gcc/avr/4.3.3/avr5\libgcc.a(_fpcmp_parts_sf.o)
 .debug_line    0x0000122d       0x7c c:/sdk/imt_sdk_win_64/winavr/bin/../lib/gcc/avr/4.3.3/avr5\libgcc.a(_clz.o)

.debug_frame    0x00000000      0x1e0
 *(.debug_frame)
 .debug_frame   0x00000000       0x20 c:/sdk/imt_sdk_win_64/winavr/bin/../lib/gcc/avr/4.3.3/avr5\libgcc.a(_fixunssfsi.o)
 .debug_frame   0x00000020       0x40 c:/sdk/imt_sdk_win_64/winavr/bin/../lib/gcc/avr/4.3.3/avr5\libgcc.a(_addsub_sf.o)
 .debug_frame   0x00000060       0x20 c:/sdk/imt_sdk_win_64/winavr/bin/../lib/gcc/avr/4.3.3/avr5\libgcc.a(_mul_sf.o)
 .debug_frame   0x00000080       0x20 c:/sdk/imt_sdk_win_64/winavr/bin/../lib/gcc/avr/4.3.3/avr5\libgcc.a(_div_sf.o)
 .debug_frame   0x000000a0       0x20 c:/sdk/imt_sdk_win_64/winavr/bin/../lib/gcc/avr/4.3.3/avr5\libgcc.a(_ne_sf.o)
 .debug_frame   0x000000c0       0x20 c:/sdk/imt_sdk_win_64/winavr/bin/../lib/gcc/avr/4.3.3/avr5\libgcc.a(_gt_sf.o)
 .debug_frame   0x000000e0       0x20 c:/sdk/imt_sdk_win_64/winavr/bin/../lib/gcc/avr/4.3.3/avr5\libgcc.a(_ge_sf.o)
 .debug_frame   0x00000100       0x20 c:/sdk/imt_sdk_win_64/winavr/bin/../lib/gcc/avr/4.3.3/avr5\libgcc.a(_lt_sf.o)
 .debug_frame   0x00000120       0x20 c:/sdk/imt_sdk_win_64/winavr/bin/../lib/gcc/avr/4.3.3/avr5\libgcc.a(_sf_to_si.o)
 .debug_frame   0x00000140       0x20 c:/sdk/imt_sdk_win_64/winavr/bin/../lib/gcc/avr/4.3.3/avr5\libgcc.a(_usi_to_sf.o)
 .debug_frame   0x00000160       0x20 c:/sdk/imt_sdk_win_64/winavr/bin/../lib/gcc/avr/4.3.3/avr5\libgcc.a(_clzsi2.o)
 .debug_frame   0x00000180       0x20 c:/sdk/imt_sdk_win_64/winavr/bin/../lib/gcc/avr/4.3.3/avr5\libgcc.a(_pack_sf.o)
 .debug_frame   0x000001a0       0x20 c:/sdk/imt_sdk_win_64/winavr/bin/../lib/gcc/avr/4.3.3/avr5\libgcc.a(_unpack_sf.o)
 .debug_frame   0x000001c0       0x20 c:/sdk/imt_sdk_win_64/winavr/bin/../lib/gcc/avr/4.3.3/avr5\libgcc.a(_fpcmp_parts_sf.o)

.debug_str      0x00000000      0x2fe
 *(.debug_str)
 .debug_str     0x00000000       0xbf c:/sdk/imt_sdk_win_64/winavr/bin/../lib/gcc/avr/4.3.3/avr5\libgcc.a(_fixunssfsi.o)
                                 0xfe (size before relaxing)
 .debug_str     0x000000bf      0x14d c:/sdk/imt_sdk_win_64/winavr/bin/../lib/gcc/avr/4.3.3/avr5\libgcc.a(_addsub_sf.o)
                                0x206 (size before relaxing)
 .debug_str     0x0000020c       0x27 c:/sdk/imt_sdk_win_64/winavr/bin/../lib/gcc/avr/4.3.3/avr5\libgcc.a(_mul_sf.o)
                                0x1bf (size before relaxing)
 .debug_str     0x00000233       0x35 c:/sdk/imt_sdk_win_64/winavr/bin/../lib/gcc/avr/4.3.3/avr5\libgcc.a(_div_sf.o)
                                0x1c8 (size before relaxing)
 .debug_str     0x00000268        0x8 c:/sdk/imt_sdk_win_64/winavr/bin/../lib/gcc/avr/4.3.3/avr5\libgcc.a(_ne_sf.o)
                                0x195 (size before relaxing)
 .debug_str     0x00000270        0x8 c:/sdk/imt_sdk_win_64/winavr/bin/../lib/gcc/avr/4.3.3/avr5\libgcc.a(_gt_sf.o)
                                0x195 (size before relaxing)
 .debug_str     0x00000278        0x8 c:/sdk/imt_sdk_win_64/winavr/bin/../lib/gcc/avr/4.3.3/avr5\libgcc.a(_ge_sf.o)
                                0x195 (size before relaxing)
 .debug_str     0x00000280        0x8 c:/sdk/imt_sdk_win_64/winavr/bin/../lib/gcc/avr/4.3.3/avr5\libgcc.a(_lt_sf.o)
                                0x195 (size before relaxing)
 .debug_str     0x00000288        0xa c:/sdk/imt_sdk_win_64/winavr/bin/../lib/gcc/avr/4.3.3/avr5\libgcc.a(_sf_to_si.o)
                                0x19e (size before relaxing)
 .debug_str     0x00000000      0x103 c:/sdk/imt_sdk_win_64/winavr/bin/../lib/gcc/avr/4.3.3/avr5\libgcc.a(_thenan_sf.o)
 .debug_str     0x00000292       0x21 c:/sdk/imt_sdk_win_64/winavr/bin/../lib/gcc/avr/4.3.3/avr5\libgcc.a(_usi_to_sf.o)
                                0x177 (size before relaxing)
 .debug_str     0x000002b3       0x20 c:/sdk/imt_sdk_win_64/winavr/bin/../lib/gcc/avr/4.3.3/avr5\libgcc.a(_clzsi2.o)
                                0x111 (size before relaxing)
 .debug_str     0x000002d3       0x10 c:/sdk/imt_sdk_win_64/winavr/bin/../lib/gcc/avr/4.3.3/avr5\libgcc.a(_pack_sf.o)
                                0x19d (size before relaxing)
 .debug_str     0x000002e3        0xb c:/sdk/imt_sdk_win_64/winavr/bin/../lib/gcc/avr/4.3.3/avr5\libgcc.a(_unpack_sf.o)
                                0x17f (size before relaxing)
 .debug_str     0x000002ee       0x10 c:/sdk/imt_sdk_win_64/winavr/bin/../lib/gcc/avr/4.3.3/avr5\libgcc.a(_fpcmp_parts_sf.o)
                                0x163 (size before relaxing)
 .debug_str     0x00000000       0xf4 c:/sdk/imt_sdk_win_64/winavr/bin/../lib/gcc/avr/4.3.3/avr5\libgcc.a(_clz.o)

.debug_loc      0x00000000      0x9aa
 *(.debug_loc)
 .debug_loc     0x00000000       0x34 c:/sdk/imt_sdk_win_64/winavr/bin/../lib/gcc/avr/4.3.3/avr5\libgcc.a(_fixunssfsi.o)
 .debug_loc     0x00000034      0x32a c:/sdk/imt_sdk_win_64/winavr/bin/../lib/gcc/avr/4.3.3/avr5\libgcc.a(_addsub_sf.o)
 .debug_loc     0x0000035e      0x104 c:/sdk/imt_sdk_win_64/winavr/bin/../lib/gcc/avr/4.3.3/avr5\libgcc.a(_mul_sf.o)
 .debug_loc     0x00000462       0xc0 c:/sdk/imt_sdk_win_64/winavr/bin/../lib/gcc/avr/4.3.3/avr5\libgcc.a(_div_sf.o)
 .debug_loc     0x00000522       0x3c c:/sdk/imt_sdk_win_64/winavr/bin/../lib/gcc/avr/4.3.3/avr5\libgcc.a(_ne_sf.o)
 .debug_loc     0x0000055e       0x3c c:/sdk/imt_sdk_win_64/winavr/bin/../lib/gcc/avr/4.3.3/avr5\libgcc.a(_gt_sf.o)
 .debug_loc     0x0000059a       0x3c c:/sdk/imt_sdk_win_64/winavr/bin/../lib/gcc/avr/4.3.3/avr5\libgcc.a(_ge_sf.o)
 .debug_loc     0x000005d6       0x3c c:/sdk/imt_sdk_win_64/winavr/bin/../lib/gcc/avr/4.3.3/avr5\libgcc.a(_lt_sf.o)
 .debug_loc     0x00000612       0x7e c:/sdk/imt_sdk_win_64/winavr/bin/../lib/gcc/avr/4.3.3/avr5\libgcc.a(_sf_to_si.o)
 .debug_loc     0x00000690       0x4c c:/sdk/imt_sdk_win_64/winavr/bin/../lib/gcc/avr/4.3.3/avr5\libgcc.a(_usi_to_sf.o)
 .debug_loc     0x000006dc       0x94 c:/sdk/imt_sdk_win_64/winavr/bin/../lib/gcc/avr/4.3.3/avr5\libgcc.a(_clzsi2.o)
 .debug_loc     0x00000770      0x13e c:/sdk/imt_sdk_win_64/winavr/bin/../lib/gcc/avr/4.3.3/avr5\libgcc.a(_pack_sf.o)
 .debug_loc     0x000008ae       0xac c:/sdk/imt_sdk_win_64/winavr/bin/../lib/gcc/avr/4.3.3/avr5\libgcc.a(_unpack_sf.o)
 .debug_loc     0x0000095a       0x50 c:/sdk/imt_sdk_win_64/winavr/bin/../lib/gcc/avr/4.3.3/avr5\libgcc.a(_fpcmp_parts_sf.o)

.debug_macinfo
 *(.debug_macinfo)
OUTPUT(DRIVERS.elf elf32-avr)
LOAD linker stubs

.debug_ranges   0x00000000       0x50
 .debug_ranges  0x00000000       0x50 c:/sdk/imt_sdk_win_64/winavr/bin/../lib/gcc/avr/4.3.3/avr5\libgcc.a(_mul_sf.o)
